# file opened: C:\Users\pablo\OneDrive\Escritorio\TETRIS_E (2)\TETRIS_E\clear.asm
 1    0000              ; Programa para borrar un tetromino de la pantalla
 2    0000
 3    0000              borrar_tetromino:
 4    0000 F5               push af
 5    0001 FD E5            push iy
 6    0003 E5               push hl
 7    0004 D5               push de
 8    0005 C5               push bc
 9    0006
C:\Users\pablo\OneDrive\Escritorio\TETRIS_E (2)\TETRIS_E\clear.asm(10): error: Label not found: CalcularAtributo
10    0006 CD 00 00         call CalcularAtributo
11    0009 DD 46 00         ld b, (ix)            ; Obtener filas en B
12    000C DD 4E 01         ld c, (ix+1)          ; Obtener columnas en C
13    000F DD E5 FD E1      ld iy, ix
14    0013 FD 23            inc iy
15    0015 FD 23            inc iy                ; Ajustar IY a la dirección del patrón de bits del tetromino
16    0017 7E               ld a, (hl)
17    0018 FE 00            cp 0
18    001A 28 02            jr z, haynegro
19    001C 20 02            jr nz, borrar_loop
20    001E              haynegro:
21    001E 18 03            jr seguir
22    0020              borrar_loop:
23    0020 3E 00            ld a, 0               ; Cargar 0 en A (para borrar)
24    0022 77               ld (hl), a            ; Borrar el byte en pantalla
25    0023              seguir:
26    0023 23               inc hl                ; Mover a la siguiente posición en memoria de video
27    0024 0D               dec c                 ; Decrementar el contador de columnas
28    0025 20 F9            jr nz, borrar_loop    ; Repetir hasta que C sea cero
29    0027
30    0027 DD 4E 01         ld c, (ix+1)          ; Resetear C para la siguiente fila
31    002A 3E 20            ld a, 32
32    002C 91               sub c
33    002D 16 00            ld d, 0
34    002F 5F               ld e, a
35    0030 19               add hl, de            ; Mover a la siguiente fila en memoria de video
36    0031 10 ED            djnz borrar_loop      ; Repetir para todas las filas
37    0033
38    0033 C1               pop bc
39    0034 D1               pop de
40    0035 E1               pop hl
41    0036 FD E1            pop iy
42    0038 F1               pop af
43    0039
44    0039 C9               ret
45    003A
# file closed: C:\Users\pablo\OneDrive\Escritorio\TETRIS_E (2)\TETRIS_E\clear.asm
