# file opened: C:\UFV Segundo~Tercero\Arquitectura\Practicas\TETRIS_E (2)\TETRIS_E\main.asm
  1   0000              ;Programa principal del juego
  2   0000
  3   0000                  DEVICE ZXSPECTRUM48
  4   0000                  ORG $8000
  5   8000 31 00 00         LD SP, 0
  6   8003
  7   8003 CD 0F 80         CALL InicioDePantalla ;pantalla de inicio
  8   8006
  9   8006              inicializar:
 10   8006 CD 36 9B         CALL Pantalla_Ini ;mensaje de inicio
 11   8009
 12   8009 CD 00 A0         CALL dibujar_tablero
 13   800C
 14   800C CD 30 A0         CALL iniciar
 15   800F
 16   800F
 17   800F
 18   800F
 19   800F                  INCLUDE "titulo.asm"
# file opened: C:\UFV Segundo~Tercero\Arquitectura\Practicas\TETRIS_E (2)\TETRIS_E\titulo.asm
  1+  800F              ;Pinta la pantalla de inicio del Tetris
  2+  800F
  3+  800F              InicioDePantalla:
  4+  800F 21 36 80         ld hl, datosPantalla
  5+  8012 CD 16 80         call PintarPantalla ; Abajo definimos esto
  6+  8015 C9               ret
  7+  8016
  8+  8016              PintarPantalla:
  9+  8016 C5               push bc
 10+  8017 D5               push de
 11+  8018
 12+  8018 11 00 40         ld de, $4000    ;Direccion de la video RAM
 13+  801B 01 00 1B         ld bc, 6912     ;Size de la video RAM
 14+  801E ED B0            ldir            ;Mueve datos de hl hasta de hasta que bc sea 0
 15+  8020
 16+  8020 D1               pop de          ;Recupera registros usados
 17+  8021 C1               pop bc
 18+  8022
 19+  8022              EsperarEntrada:
 20+  8022 01 FE FB         ld bc, $FBFE
 21+  8025 ED 78            in a, (c)               ; Leer el puerto de entrada del teclado
 22+  8027 CB 47            bit 0, a                ; Comprobar si todas las teclas están liberadas
 23+  8029 20 F7            jr nz, EsperarEntrada   ; Si todas las teclas no están liberadas, seguir esperando
 24+  802B 16 01            ld d, 1
 25+  802D 18 00            jr LiberarTecla
 26+  802F
 27+  802F              LiberarTecla:
 28+  802F ED 78            in a, (c)
 29+  8031 FE FF            cp $FF
 30+  8033 20 FA            jr nz, LiberarTecla
 31+  8035 C9               ret
 32+  8036
 33+  8036              datosPantalla: INCBIN "TETRIS.scr"  ; Contenido de la pantalla de inicio "TETRIS.scr"
# file closed: C:\UFV Segundo~Tercero\Arquitectura\Practicas\TETRIS_E (2)\TETRIS_E\titulo.asm
 20   9B36                  INCLUDE "pantallas.asm"
# file opened: C:\UFV Segundo~Tercero\Arquitectura\Practicas\TETRIS_E (2)\TETRIS_E\pantallas.asm
  1+  9B36              ;Pinta las pantallas principales (Inicio, Final, etc)
  2+  9B36
  3+  9B36              Pantalla_Ini:
  4+  9B36 CD C4 9C         call CLEARSCR       ;borramos pantalla
  5+  9B39
  6+  9B39 3E 06            ld a, 6     ;Letra amarilla
  7+  9B3B 06 04            ld b, 4     ;Coordenadas para el mensaje de bienvenida
  8+  9B3D 0E 06            ld c, 6
  9+  9B3F DD 21 0E 9C      ld ix, MensajeJuego
 10+  9B43 CD 53 9C         call PRINTAT
 11+  9B46
 12+  9B46 3E 02            ld a, 2     ;Letra verde
 13+  9B48 06 0B            ld b, 11    ;Coordenadas para el mensaje de inicio
 14+  9B4A 0E 02            LD c, 2
 15+  9B4C DD 21 F0 9B      ld ix, MensajeIniciar
 16+  9B50 CD 53 9C         call PRINTAT
 17+  9B53
 18+  9B53 06 0B            ld b, 11
 19+  9B55 0E 1E            ld c, 30                  ; Para colocar el cursor
 20+  9B57 CD A0 9B         call CalcularAtributo    ; Calcular la dirección del atributo
 21+  9B5A 3E 82            ld a,2+$80               ; Verde parpadeante
 22+  9B5C 77               ld (hl),a                ; Establecer el atributo
 23+  9B5D
 24+  9B5D CD BB 9B         call EsperarTecla        ; Leer el teclado hasta que se pulse S o N
 25+  9B60 C9               ret
 26+  9B61
 27+  9B61              Pantalla_Final:
 28+  9B61 CD C4 9C         call CLEARSCR  ; Clear the screen
 29+  9B64
 30+  9B64                  ; Display the first message
 31+  9B64 3E 03            ld a, 3               ; Set color to pink on black
 32+  9B66 06 05            ld b, 5               ; Row position
 33+  9B68 0E 0C            ld c, 12              ; Column position
 34+  9B6A DD 21 40 9C      ld ix, MensajeGameOver  ; Address of the message
 35+  9B6E CD 53 9C         call PRINTAT  ; Print the message
 36+  9B71
 37+  9B71                  ; Display the second message
 38+  9B71 3E 01            ld a, 1               ; Set color to blue on black, blinking
 39+  9B73 06 12            ld b, 18              ; Row position
 40+  9B75 0E 01            ld c, 1               ; Column position
 41+  9B77 DD 21 40 9C      ld ix, MensajeGameOver   ; Address of the message
 42+  9B7B CD 53 9C         call PRINTAT  ; Print the message
 43+  9B7E
 44+  9B7E                  ; Set cursor attribute to blinking blue
 45+  9B7E 06 12            ld b, 18              ; Row position for attribute
 46+  9B80 0E 1E            ld c, 30              ; Column position for attribute
 47+  9B82 CD A0 9B         call CalcularAtributo ; Calculate attribute address
 48+  9B85 3E 81            ld a, 1 + $80         ; Blinking blue
 49+  9B87 77               ld (hl), a            ; Set the attribute
 50+  9B88
 51+  9B88 CD C3 9B         call LeerTecla     ; Wait for a key press (S or N)
 52+  9B8B
 53+  9B8B CD 06 80         call inicializar          ; Restart the game
 54+  9B8E
 55+  9B8E
 56+  9B8E              FinDelJuego:
 57+  9B8E CD C4 9C         call CLEARSCR
 58+  9B91
 59+  9B91 3E 85            ld a,5+$80               ; Letra cian
 60+  9B93 06 0B            ld b,11                  ; Coordenadas para el mensaje final
 61+  9B95 0E 08            ld c,8
 62+  9B97 DD 21 DE 9B      ld ix,MensajeFinal
 63+  9B9B CD 53 9C         call PRINTAT
 64+  9B9E
 65+  9B9E 18 FE        fin:    JR fin
 66+  9BA0
 67+  9BA0              CalcularAtributo:
 68+  9BA0                                      ; Rutina que recibe en B,C las coordenadas de la pantalla (fila, columna)
 69+  9BA0                                      ; y devuelve en HL la dirección del atributo correspondiente
 70+  9BA0 F5               PUSH AF             ; Guardamos A en el stack
 71+  9BA1 60               LD H,b              ; Los bits 4,5 de B deben ser los bits 0,1 de H
 72+  9BA2 CB 3C            SRL H
 72+  9BA4 CB 3C          SRL H
 72+  9BA6 CB 3C          SRL H
 73+  9BA8 78               LD A,B              ; Los bits 0,1,2 de B deben ser los bits 5,6,7 de L
 74+  9BA9 CB 27            SLA A
 74+  9BAB CB 27          SLA A
 74+  9BAD CB 27          SLA A
 74+  9BAF CB 27          SLA A
 74+  9BB1 CB 27          SLA a
 75+  9BB3 B1               OR c                ; Y C son los bits 0-4 de L
 76+  9BB4 6F               LD L,A
 77+  9BB5 01 00 58         LD BC, $5800        ; Le sumamos la dirección de comienzo de los atributos
 78+  9BB8 09               ADD HL,BC
 79+  9BB9 F1               POP AF
 80+  9BBA C9               RET
 81+  9BBB
 82+  9BBB
 83+  9BBB              EsperarTecla:
 84+  9BBB CD C3 9B         call LeerTecla
 85+  9BBE FE FF            cp $FF
 86+  9BC0 20 F9            jr nz,EsperarTecla  ; Esperar hasta que no haya tecla pulsada
 87+  9BC2 C9               ret
 88+  9BC3
 89+  9BC3              LeerTecla:
 90+  9BC3 01 FE 7F         ld bc,$7FFE         ; Escanear línea B,N,M,SYMB,Space
 91+  9BC6 ED 78            in a,(c)
 92+  9BC8 CB 5F            bit 3,a
 93+  9BCA 28 C2            jr z,FinDelJuego    ; Han pulsado N
 94+  9BCC 01 FE FD         ld bc,$FDFE         ; Escanear línea G,F,D,S,A
 95+  9BCF ED 78            in a,(c)
 96+  9BD1 CB 4F            bit 1,a
 97+  9BD3 20 EE            jr nz,LeerTecla     ; No han pulsado 'S'
 98+  9BD5 18 00            jr SoltarTecla
 99+  9BD7
100+  9BD7              SoltarTecla:
101+  9BD7 ED 78            in a,(c)            ; Leer del puerto que se ha definido en LeerTecla
102+  9BD9 FE FF            cp $FF              ; Comprobar que no hay tecla pulsada
103+  9BDB 20 FA            jr nz,SoltarTecla   ; Esperar hasta que no haya tecla pulsada
104+  9BDD C9               ret
105+  9BDE
106+  9BDE
107+  9BDE
108+  9BDE
109+  9BDE
110+  9BDE 47 72 61 63  MensajeFinal:     db "Gracias por jugar",0         ; Mensaje de agradecimiento
110+  9BE2 69 61 73 20
110+  9BE6 70 6F 72 20
110+  9BEA 6A 75 67 61
110+  9BEE 72 00
111+  9BF0 45 6D 70 65  MensajeIniciar:   db "Empezamos una partida (S/N)? ",0  ; Mensaje para iniciar partida
111+  9BF4 7A 61 6D 6F
111+  9BF8 73 20 75 6E
111+  9BFC 61 20 70 61
111+  9C00 72 74 69 64
111+  9C04 61 20 28 53
111+  9C08 2F 4E 29 3F
111+  9C0C 20 00
112+  9C0E 54 69 70 6F  MensajeJuego:     db "Tipo de Juego: Tipo-A",0   ; Mensaje del tipo de juego
112+  9C12 20 64 65 20
112+  9C16 4A 75 65 67
112+  9C1A 6F 3A 20 54
112+  9C1E 69 70 6F 2D
112+  9C22 41 00
113+  9C24 C2 BF 52 65  MensajeReiniciar: db "¿Reiniciar el juego (S/N)?",0   ; Mensaje para reiniciar partida
113+  9C28 69 6E 69 63
113+  9C2C 69 61 72 20
113+  9C30 65 6C 20 6A
113+  9C34 75 65 67 6F
113+  9C38 20 28 53 2F
113+  9C3C 4E 29 3F 00
114+  9C40 C2 A1 4A 75  MensajeGameOver:  db "¡Juego Terminado!",0        ; Mensaje de fin de juego
114+  9C44 65 67 6F 20
114+  9C48 54 65 72 6D
114+  9C4C 69 6E 61 64
114+  9C50 6F 21 00
115+  9C53
# file closed: C:\UFV Segundo~Tercero\Arquitectura\Practicas\TETRIS_E (2)\TETRIS_E\pantallas.asm
 21   9C53                  INCLUDE "L30.3 - printat.asm"
# file opened: C:\UFV Segundo~Tercero\Arquitectura\Practicas\TETRIS_E (2)\TETRIS_E\L30.3 - printat.asm
  1+  9C53              ; -------------------------------
  2+  9C53              ; ZX Spectrum Text print library
  3+  9C53              ; Daniel León - AOC - UFV 2020
  4+  9C53              ; -------------------------------
  5+  9C53
  6+  9C53
  7+  9C53              ; ----------------------------------------------------------------------------------------
  8+  9C53              ; PRINTAT - Print a string in a position and attributes as per registers:
  9+  9C53              ;		IN	A	: Bit 7=1 For Flash / Bit 6=1 For Brigh / Bit 5,4,3 for Paper / Bit 2,1,0 for Ink
 10+  9C53              ;		IN	B	: Row 0..23
 11+  9C53              ;		IN	C	: Column 0..31
 12+  9C53              ;		IN	IX	: Address of text (Text must end in a 0)
 13+  9C53              ; ----------------------------------------------------------------------------------------
 14+  9C53 CD 62 9C     PRINTAT:	CALL PREP_PRT				; Update Attribute var &Screen & Attributes pointers
 15+  9C56              ; ----------------------------------------------------------------------------------------
 16+  9C56              ;		VVV Do not move PRINTSTR below as PRINTAT continues into PRINTSTR routine
 17+  9C56              ; ----------------------------------------------------------------------------------------
 18+  9C56              ; PRINTSTR - Prints String - IX Points to the String start
 19+  9C56              ; ----------------------------------------------------------------------------------------
 20+  9C56 DD 7E 00     PRINTSTR:   LD A,(IX)					; A Contains first char to print
 21+  9C59 B7           			OR A						; check for end of string (0)
 22+  9C5A C8           			RET Z						; Finish printing if 0
 23+  9C5B CD 90 9C     			CALL PRINTCHNUM
 24+  9C5E DD 23        			INC IX						; Move to next char in string
 25+  9C60 18 F4        			JR PRINTSTR					; Start over printing sequence
 26+  9C62              ; ----------------------------------------------------------------------------------------
 27+  9C62
 28+  9C62
 29+  9C62              ;-----------------------------------------------------------------------------------------
 30+  9C62              ; PREP_PRT - Updates Print_Attr, SCR & ATTR Vars
 31+  9C62              ;-----------------------------------------------------------------------------------------
 32+  9C62 32 D6 9C     PREP_PRT:	LD (PRINT_ATTR),A			; Set Attribute
 33+  9C65 CD 6B 9C     PREP_PRT_2:	CALL CRtoSCREEN
 34+  9C68 C3 7D 9C     			JP CRtoATTR
 35+  9C6B              ;-----------------------------------------------------------------------------------------
 36+  9C6B
 37+  9C6B              ;-----------------------------------------------------------------------------------------
 38+  9C6B              ; CRtoSCREEN - Converts a scr char coord into a SCREEN Address   b,c = y,x positions
 39+  9C6B              ;	IN  - B=Row, C=Column
 40+  9C6B              ;	OUT - HL=Address in screen also stored in (SCR_CUR_PTR)
 41+  9C6B              ;	Conversion:
 42+  9C6B              ;			Row FFfff   Column CCCCC
 43+  9C6B              ;			HL=%010FF000 fffCCCCC
 44+  9C6B              ;-----------------------------------------------------------------------------------------
 45+  9C6B              CRtoSCREEN:
 46+  9C6B 78           			LD A,B						; %___FFfff
 47+  9C6C F6 40        			OR #40						; %010FFfff
 48+  9C6E E6 F8        			AND #F8						; %010FF000
 49+  9C70 67           			LD H,A
 50+  9C71
 51+  9C71 78           			LD A,B						; %___FFfff
 52+  9C72 E6 07        			AND #7						; %00000fff
 53+  9C74 0F           			RRCA						; %f00000ff
 54+  9C75 0F           			RRCA						; %ff00000f
 55+  9C76 0F           			RRCA						; %fff00000
 56+  9C77 B1           			OR C						; %fffCCCCC
 57+  9C78 6F           			LD L,A
 58+  9C79 22 D2 9C                 LD (SCR_CUR_PTR),HL			; Update Variable
 59+  9C7C C9                       RET
 60+  9C7D              ; ----------------------------------------------------------------------------------------
 61+  9C7D
 62+  9C7D
 63+  9C7D
 64+  9C7D              ;-----------------------------------------------------------------------------------------
 65+  9C7D              ; CRtoATTR - Converts a screen char coord  into a ATTR Address  b,c = y,x positions
 66+  9C7D              ;	IN  - B=Row, C=Column
 67+  9C7D              ;	OUT - HL=Address in screen also stored in (SCR_ATTR_PTR)
 68+  9C7D              ;	Conversion:
 69+  9C7D              ;			Row FFfff   Column CCCCC
 70+  9C7D              ;			HL=%010110FF fffCCCCC
 71+  9C7D              ;-----------------------------------------------------------------------------------------
 72+  9C7D              CRtoATTR:
 73+  9C7D 78           			LD A,B						; %___FFfff
 74+  9C7E 0F           			RRCA						; %f000FFff
 75+  9C7F 0F           			RRCA						; %ff000FFf
 76+  9C80 0F           			RRCA						; %fff000FF
 77+  9C81 6F           			LD L,A
 78+  9C82 E6 03        			AND 3						; %000000FF	value of FF can be only 00,01,10
 79+  9C84 F6 58        			OR #58						; %010110FF value will be #58, #59 or #5A
 80+  9C86 67           			LD H,A
 81+  9C87
 82+  9C87 7D           			LD A,L						; %fff000FF
 83+  9C88 E6 E0        			AND #E0						; %fff00000
 84+  9C8A B1           			OR C						; %fffCCCCC
 85+  9C8B 6F           			LD L,A
 86+  9C8C
 87+  9C8C 22 D4 9C                 LD (SCR_ATTR_PTR),HL		; Update Variable
 88+  9C8F C9                       RET
 89+  9C90              ; ----------------------------------------------------------------------------------------
 90+  9C90
 91+  9C90
 92+  9C90
 93+  9C90              ; ----------------------------------------------------------------------------------------
 94+  9C90              ; PRINTCHNUM - Prints Char Number N (stored in A)
 95+  9C90              ;-----------------------------------------------------------------------------------------
 96+  9C90              PRINTCHNUM:	;SUB 32						; Adjust Ascii to charset
 97+  9C90 26 00        			LD H,0						; Multiply value by 8 to get to right Char in Charset
 98+  9C92 6F           			LD L,A
 99+  9C93 29           			ADD HL,HL
100+  9C94 29           			ADD HL,HL
101+  9C95 29           			ADD HL,HL
102+  9C96 11 D7 9B     			LD DE, CHARSET-(8*32)		; Optimize in compile time (instead of sub 32)
103+  9C99 19           			ADD HL,DE
104+  9C9A EB           			EX  DE,HL					;Value in DE
105+  9C9B              			; Continues to printchar below
106+  9C9B              ; ----------------------------------------------------------------------------------------
107+  9C9B
108+  9C9B
109+  9C9B              ; ----------------------------------------------------------------------------------------
110+  9C9B              ; PRINTCHAR - Prints Char  (DE points to the char. Uses HL as last Cur Pointer)
111+  9C9B              ; ----------------------------------------------------------------------------------------
112+  9C9B              PRINTCHAR:
113+  9C9B 06 08        			LD B,8						; 8 Lines per char
114+  9C9D 2A D2 9C                 LD HL, (SCR_CUR_PTR)		; Load Cursor Pointer y,x
115+  9CA0
116+  9CA0 1A           BYTEPCHAR:	LD A,(DE)					; Get Char to be printed, first line
117+  9CA1 77           			LD (HL),A					; Move to Printing location
118+  9CA2 24                       INC H						; inc H so next line in char (ZX Spectrum Screen RAM)
119+  9CA3 13                       INC DE 						; next line to be printed
120+  9CA4 10 FA                    DJNZ BYTEPCHAR				; Repeat 8 lines
121+  9CA6 3A D6 9C                 LD A,(PRINT_ATTR) 			; Load Attributes to print char with
122+  9CA9 2A D4 9C                 LD HL, (SCR_ATTR_PTR)
123+  9CAC 77                       LD (HL),A
124+  9CAD 21 D4 9C                 LD HL, SCR_ATTR_PTR			; Get pointer to ATTR
125+  9CB0 34                       INC (HL)					; Move Attribute cursor to next char
126+  9CB1 21 D2 9C     			LD HL, SCR_CUR_PTR
127+  9CB4 34           			INC (HL)					; update Cursor pointer to next position
128+  9CB5 C9                       RET
129+  9CB6              ; ----------------------------------------------------------------------------------------
130+  9CB6
131+  9CB6
132+  9CB6
133+  9CB6              ; ----------------------------------------------------------------------------------------
134+  9CB6              ; INK2PAPER - moves ink of attribute stored in (PRINT_ATTR) to paper and sets ink to 0
135+  9CB6              ; 				Sets bright 1 and flash 0
136+  9CB6              ; ----------------------------------------------------------------------------------------
137+  9CB6 3A D6 9C     INK2PAPER:	LD A, (PRINT_ATTR)		    ; Get storedAttribute
138+  9CB9 E6 07                    AND 7						; get Attr INK in A
139+  9CBB 07           			RLCA
140+  9CBC 07           			RLCA
141+  9CBD 07           			RLCA						; move Ink to Paper
142+  9CBE F6 40        			OR 64						; ink 0 bright 1
143+  9CC0 32 D6 9C     			LD (PRINT_ATTR),A		    ; Get storedAttribute
144+  9CC3 C9           			RET
145+  9CC4              ; ----------------------------------------------------------------------------------------
146+  9CC4
147+  9CC4
148+  9CC4
149+  9CC4
150+  9CC4 21 00 40     CLEARSCR:	LD HL,$4000					; Erases screen by writing 0 to all pixels and attributes
151+  9CC7 11 01 40     			LD DE,$4001
152+  9CCA 01 FF 1A     			LD BC,6911
153+  9CCD 36 00        			LD (HL),0
154+  9CCF ED B0        			LDIR
155+  9CD1 C9           			RET
156+  9CD2
157+  9CD2
158+  9CD2              SCR_CUR_PTR
158+  9CD2 00 00          	db $00, $00				; Cursor Pointer in Screen (2 bytes) (HL)
159+  9CD4 00 00        SCR_ATTR_PTR: 	db $00, $00				; Attr Pointer in Screen (2 bytes) (HL)
160+  9CD6 00           PRINT_ATTR:		db $00					; Attribute used by printchar routine (1 byte)
161+  9CD7
162+  9CD7              CHARSET: incbin "charset.bin"			; Charset used
163+  9FD7
# file closed: C:\UFV Segundo~Tercero\Arquitectura\Practicas\TETRIS_E (2)\TETRIS_E\L30.3 - printat.asm
 22   9FD7                  INCLUDE "L35 - Tetris_3D.asm"
# file opened: C:\UFV Segundo~Tercero\Arquitectura\Practicas\TETRIS_E (2)\TETRIS_E\L35 - Tetris_3D.asm
  1+  9FD7 FF 81 81 85  Tetro_3D:   DB $FF, $81, $81, $85, $85, $9D, $81, $FF ; Patrón para los bloques
  1+  9FDB 85 9D 81 FF
  2+  9FDF
  3+  9FDF              Tetris_3D:
  4+  9FDF 16 03            LD D,3              ; Los 3 bloques de píxeles
  5+  9FE1 DD 21 00 40      LD IX,$4000         ; Dirección de comienzo de la VRAM
  6+  9FE5
  7+  9FE5              T3D3:
  8+  9FE5
  9+  9FE5 FD 21 D7 9F      LD IY,Tetro_3D      ; Primer byte del patrón
 10+  9FE9
 11+  9FE9 0E 08            LD C,8              ; 8 bytes del patrón
 12+  9FEB              T3D2:
 13+  9FEB 06 00            LD B,0              ; 256 bytes de cada línea del patrón
 14+  9FED FD 7E 00         LD a,(IY)           ; Cargo el valor del patrón
 15+  9FF0              T3D1:
 16+  9FF0 DD 77 00         LD (IX),a           ; Cargo el patrón en la VideoRam
 17+  9FF3 DD 23            INC IX              ; Siguientes 8 pixels
 18+  9FF5 10 F9            DJNZ T3D1           ; Fin del bucle
 19+  9FF7
 20+  9FF7 0D               DEC C               ; Fin del 2º Bucle
 21+  9FF8 FD 23            inc IY              ; Siguiente byte del patrón
 22+  9FFA 20 EF            JR NZ,T3D2
 23+  9FFC
 24+  9FFC 15               DEC D               ; Fin del 3º bucle
 25+  9FFD 20 E6            JR NZ, T3D3
 26+  9FFF
 27+  9FFF C9               RET
 28+  A000
# file closed: C:\UFV Segundo~Tercero\Arquitectura\Practicas\TETRIS_E (2)\TETRIS_E\L35 - Tetris_3D.asm
 23   A000                  INCLUDE "tableroJuego.asm"
# file opened: C:\UFV Segundo~Tercero\Arquitectura\Practicas\TETRIS_E (2)\TETRIS_E\tableroJuego.asm
  1+  A000              ; Programa para pintar el área de juego del Tetris
  2+  A000
  3+  A000              ; Rutina para dibujar el tablero de juego
  4+  A000              dibujar_tablero:
  5+  A000 CD C4 9C         call CLEARSCR   ; Limpiar toda la pantalla
  6+  A003
  7+  A003                  ; Dibujar el borde izquierdo
  8+  A003 21 06 58         ld hl, $5800 + 0 * 32 + 6 ; Dirección de memoria de la pantalla para el borde izquierdo
  9+  A006 11 20 00         ld de, $0020              ; Posición vertical (Y)
 10+  A009 3E 37            ld a, 6 * 8 + 7            ; Color del borde
 11+  A00B 06 16            ld b, 22                  ; Número de filas del borde izquierdo
 12+  A00D
 13+  A00D              borde_izquierdo:
 14+  A00D 77               ld (hl), a               ; Escribir el color en la pantalla
 15+  A00E 19               add hl, de               ; Mover la posición a la siguiente fila
 16+  A00F 10 FC            djnz borde_izquierdo     ; Decrementar B y repetir hasta que B sea cero
 17+  A011
 18+  A011                  ; Dibujar el borde derecho
 19+  A011 21 19 58         ld hl, $5800 + 0 * 32 + 25 ; Dirección de memoria de la pantalla para el borde derecho
 20+  A014 11 20 00         ld de, $0020               ; Posición vertical (Y)
 21+  A017 3E 37            ld a, 6 * 8 + 7            ; Color del borde
 22+  A019 06 16            ld b, 22                   ; Número de filas del borde derecho
 23+  A01B
 24+  A01B              borde_derecho:
 25+  A01B 77               ld (hl), a               ; Escribir el color en la pantalla
 26+  A01C 19               add hl, de               ; Mover la posición a la siguiente fila
 27+  A01D 10 FC            djnz borde_derecho       ; Decrementar B y repetir hasta que B sea cero
 28+  A01F
 29+  A01F                  ; Dibujar la base
 30+  A01F 21 C6 5A         ld hl, $5800 + 22 * 32 + 6 ; Dirección de memoria de la pantalla para la base
 31+  A022 3E 37            ld a, 6 * 8 + 7            ; Color de la base
 32+  A024 06 14            ld b, 20                   ; Número de columnas de la base
 33+  A026
 34+  A026              base:
 35+  A026 77               ld (hl), a               ; Escribir el color en la pantalla
 36+  A027 23               inc hl                   ; Mover la posición a la siguiente columna
 37+  A028 10 FC            djnz base                ; Decrementar B y repetir hasta que B sea cero
 38+  A02A
 39+  A02A CD DF 9F         call Tetris_3D           ; Aplicar el efecto 3D a los bloques
 40+  A02D
 41+  A02D
 42+  A02D C9               ret
 43+  A02E
 44+  A02E
 45+  A02E 18 FE        fin_dibujar_tablero: jr fin_dibujar_tablero
# file closed: C:\UFV Segundo~Tercero\Arquitectura\Practicas\TETRIS_E (2)\TETRIS_E\tableroJuego.asm
 24   A030                  INCLUDE "juego.asm"
# file opened: C:\UFV Segundo~Tercero\Arquitectura\Practicas\TETRIS_E (2)\TETRIS_E\juego.asm
  1+  A030              ;Funcionamiento del juego
  2+  A030
  3+  A030              iniciar:
  4+  A030 CD 6B A0         CALL seleccionar_pieza
  5+  A033
  6+  A033 06 FF            LD B, 255 ;me situo en la ultima línea
  7+  A035 3E 0F            ld a, 15
  8+  A037 32 6F A1         LD (Medio), A
  9+  A03A
 10+  A03A CD A8 A1         CALL comprobar
 11+  A03D B7               or a
 12+  A03E 20 2A            jr nz, end
 13+  A040
 14+  A040              ciclo_juego:
 15+  A040
 16+  A040 78               ld a, b
 17+  A041 FE FF            cp $FF
 18+  A043 28 03            jr z, siguiente_juego
 19+  A045
 20+  A045 CD EA A1         CALL borrar_tetromino
 20+  A048                ; borrar el tetromino
 21+  A048
 22+  A048              siguiente_juego:
 23+  A048 04               inc b
 24+  A049 50               ld d, b
 25+  A04A 3A 6F A1         ld a, (Medio)
 26+  A04D 5F               ld e, a
 27+  A04E
 28+  A04E
 29+  A04E CD A8 A1         call comprobar ; Validar la posición del tetromino
 30+  A051 B7               or a
 31+  A052
 32+  A052 28 07            jr z, cambiar_tetromino ; Si no se puede mover más abajo, cambiar tetromino
 33+  A054
 34+  A054 05               dec b                  ; Si se puede mover, actualizar posición y dibujar
 35+  A055 4B               ld c, e
 36+  A056 CD 70 A1         call pintar_tetromino
 37+  A059 18 D5            jr iniciar
 38+  A05B
 39+  A05B              cambiar_tetromino:
 40+  A05B 4B               ld c, e
 41+  A05C CD 91 A2         call GIRAR
 42+  A05F CD 70 A1         call pintar_tetromino ; Pintar el tetromino en la parte superior
 43+  A062 CD 24 A2         call Tiempo
 44+  A065 CD 5F A2         call MOVER
 45+  A068 18 D6            jr ciclo_juego
 46+  A06A
 47+  A06A              end:
 48+  A06A C9               ret
 49+  A06B
 50+  A06B
 51+  A06B
# file closed: C:\UFV Segundo~Tercero\Arquitectura\Practicas\TETRIS_E (2)\TETRIS_E\juego.asm
 25   A06B                  INCLUDE "tetromino_next.asm"
# file opened: C:\UFV Segundo~Tercero\Arquitectura\Practicas\TETRIS_E (2)\TETRIS_E\tetromino_next.asm
  1+  A06B              ;Programa para seleccionar y posicionar la proxima pieza
  2+  A06B
  3+  A06B              longitud_pieza EQU T_L1 - T_0      ;Longitud de un tetromino
  4+  A06B
  5+  A06B              seleccionar_pieza:
  6+  A06B DD 21 8B A0      ld ix, T_0       ; IX con la direccion del primer tetromino
  7+  A06F ED 5F            ld a, r         ; Usar el registro para obtener valor aleatorio
  8+  A071 E6 1F            and 31          ; Limita el valor a 0-31
  9+  A073 FE 13            cp 19           ; Comparar con el numero maximo permitido (20)
 10+  A075 38 02            jr c, calc_posicion        ;Si el valor es >= 20, ajustarlo
 11+  A077 D6 13            sub 19
 12+  A079
 13+  A079              calc_posicion:
 14+  A079 11 0C 00         ld de, longitud_pieza       ; Cargar la longitud de la pieza en la variable
 15+  A07C B7               or a        ; Verificar si A es 0
 16+  A07D 28 05            jr z, pos_arriba        ; Si es 0, saltar a la rutina
 17+  A07F
 18+  A07F              ajustar_pos:
 19+  A07F DD 19            add ix, de      ; Ajustar la posicion de IX sumando la longitud de la pieza
 20+  A081 3D               dec A       ; Decrementar a para acercarse a 0
 21+  A082 20 FB            jr nz, ajustar_pos      ; Repetir hasta que A sea 0
 22+  A084
 23+  A084              pos_arriba:
 24+  A084 06 00            ld b, 0     ; Inicializar B con 0
 25+  A086 0E 0F            ld c, 15    ; Inicializar C con 15
 26+  A088 C9               ret
 27+  A089
 28+  A089 18 FE        fin_selec_pieza: jr fin_selec_pieza
# file closed: C:\UFV Segundo~Tercero\Arquitectura\Practicas\TETRIS_E (2)\TETRIS_E\tetromino_next.asm
 26   A08B                  INCLUDE "piezas.asm"
# file opened: C:\UFV Segundo~Tercero\Arquitectura\Practicas\TETRIS_E (2)\TETRIS_E\piezas.asm
  1+  A08B              ; Programa para definir y dibujar cada pieza o tetromino
  2+  A08B
  3+  A08B              ; Datos de los tetrominos: filas, columnas, patrón de bits, giros
  4+  A08B              ;Tetromino O
  5+  A08B 02 02 30 30  T_0: DB 2, 2, 6*8, 6*8, 6*8, 6*8, 0, 0
  5+  A08F 30 30 00 00
  5+  A093 8B A0 8B A0    DW T_0, T_0
  6+  A097              ;Tetromino L
  7+  A097 03 02 20 00  T_L1: DB 3, 2, 4*8, 0, 4*8, 0, 4*8, 4*8
  7+  A09B 20 00 20 20
  7+  A09F A3 A0 AF A0    DW T_L2, T_L3
  8+  A0A3 02 03 00 00  T_L2: DB 2, 3, 0, 0, 4*8, 4*8, 4*8, 4*8
  8+  A0A7 20 20 20 20
  8+  A0AB BB A0 97 A0    DW T_L4, T_L1
  9+  A0AF 02 03 20 20  T_L3: DB 2, 3, 4*8, 4*8, 4*8, 4*8, 0, 0
  9+  A0B3 20 20 00 00
  9+  A0B7 97 A0 BB A0    DW T_L1, T_L4
 10+  A0BB 03 02 20 20  T_L4: DB 3, 2, 4*8, 4*8, 0, 4*8, 0, 4*8
 10+  A0BF 00 20 00 20
 10+  A0C3 AF A0 A3 A0    DW T_L3, T_L2
 11+  A0C7              ;Tetromino J
 12+  A0C7 03 02 00 10  T_J1: DB 3, 2, 0, 2*8, 0, 2*8, 2*8, 2*8
 12+  A0CB 00 10 10 10
 12+  A0CF D3 A0 DF A0    DW T_J2, T_J3
 13+  A0D3 02 03 10 10  T_J2: DB 2, 3, 2*8, 2*8, 2*8, 0, 0, 2*8
 13+  A0D7 10 00 00 10
 13+  A0DB EB A0 C7 A0    DW T_J4, T_J1
 14+  A0DF 02 03 10 00  T_J3: DB 2, 3, 2*8, 0, 0, 2*8, 2*8, 2*8
 14+  A0E3 00 10 10 10
 14+  A0E7 C7 A0 EB A0    DW T_J1, T_J4
 15+  A0EB 03 02 10 10  T_J4: DB 3, 2, 2*8, 2*8, 2*8, 0, 2*8, 0
 15+  A0EF 10 00 10 00
 15+  A0F3 DF A0 D3 A0    DW T_J3, T_J2
 16+  A0F7              ;Tetromino T
 17+  A0F7 02 03 28 28  T_T1: DB 2, 3, 5*8, 5*8, 5*8, 0, 5*8, 0
 17+  A0FB 28 00 28 00
 17+  A0FF 03 A1 0F A1    DW T_T2, T_T3
 18+  A103 03 02 28 00  T_T2: DB 3, 2, 5*8, 0, 5*8, 5*8, 5*8, 0
 18+  A107 28 28 28 00
 18+  A10B 1B A1 F7 A0    DW T_T4, T_T1
 19+  A10F 03 02 00 28  T_T3: DB 3, 2, 0, 5*8, 5*8, 5*8, 0, 5*8
 19+  A113 28 28 00 28
 19+  A117 F7 A0 1B A1    DW T_T1, T_T4
 20+  A11B 02 03 00 28  T_T4: DB 2, 3, 0, 5*8, 0, 5*8, 5*8, 5*8
 20+  A11F 00 28 28 28
 20+  A123 0F A1 03 A1    DW T_T3, T_T2
 21+  A127              ;Tetromino I
 22+  A127 04 01 30 30  T_I1: DB 4, 1, 6*8, 6*8, 6*8, 6*8, 0, 0
 22+  A12B 30 30 00 00
 22+  A12F 33 A1 33 A1    DW T_I2, T_I2
 23+  A133 01 04 30 30  T_I2: DB 1, 4, 6*8, 6*8, 6*8, 6*8, 0, 0
 23+  A137 30 30 00 00
 23+  A13B 27 A1 27 A1    DW T_I1, T_I1
 24+  A13F              ;Tetromino Z
 25+  A13F 02 03 38 38  T_Z1: DB 2, 3, 7*8, 7*8, 0, 0, 7*8, 7*8
 25+  A143 00 00 38 38
 25+  A147 4B A1 4B A1    DW T_Z2, T_Z2
 26+  A14B 03 02 00 38  T_Z2: DB 3, 2, 0, 7*8, 7*8, 7*8, 7*8, 0
 26+  A14F 38 38 38 00
 26+  A153 3F A1 3F A1    DW T_Z1, T_Z1
 27+  A157              ;Tetromino S
 28+  A157 02 03 00 38  T_S1: DB 2, 3, 0, 7*8, 7*8, 7*8, 7*8, 0
 28+  A15B 38 38 38 00
 28+  A15F 63 A1 63 A1    DW T_S2, T_S2
 29+  A163 03 02 38 00  T_S2: DB 3, 2, 7*8, 0, 7*8, 7*8, 0, 7*8
 29+  A167 38 38 00 38
 29+  A16B 57 A1 57 A1    DW T_S1, T_S1
 30+  A16F
 31+  A16F 0E           Medio: DB 14 ; llevara la cuenta de la columna
 32+  A170
 33+  A170              ; Rutina para pintar el tetromino en pantalla
 34+  A170              pintar_tetromino:
 35+  A170 F5               push af
 36+  A171 FD E5            push iy
 37+  A173 E5               push hl
 38+  A174 D5               push de
 39+  A175 C5               push bc
 40+  A176
 41+  A176 CD A0 9B         call CalcularAtributo  ; Calcular la dirección en HL
 42+  A179 DD 46 00         ld b, (ix)             ; Obtener filas en B
 43+  A17C DD 4E 01         ld c, (ix+1)           ; Obtener columnas en C
 44+  A17F DD E5 FD E1      ld iy, ix
 45+  A183 FD 23            inc iy
 45+  A185 FD 23          inc iy        ; Ajustar IY a la dirección del patrón de bits del tetromino
 46+  A187
 47+  A187              pintar_loop:
 48+  A187 FD 7E 00         ld a, (iy)
 49+  A18A FD 23            inc iy
 50+  A18C FE 00            cp 0                   ; Verificar si el byte es cero
 51+  A18E 28 01            jr z, siguiente_byte
 52+  A190
 53+  A190 77               ld (hl), a             ; Pintar el byte en pantalla
 54+  A191              siguiente_byte:
 55+  A191 23               inc hl                 ; Mover a la siguiente posición en memoria de video
 56+  A192 0D               dec c                  ; Decrementar el contador de columnas
 57+  A193 20 F2            jr nz, pintar_loop     ; Repetir hasta que C sea cero
 58+  A195
 59+  A195 DD 4E 01         ld c, (ix+1)           ; Resetear C para la siguiente fila
 60+  A198 3E 20            ld a, 32
 61+  A19A 91               sub c
 62+  A19B 16 00            ld d, 0
 63+  A19D 5F               ld e, a
 64+  A19E 19               add hl, de             ; Mover a la siguiente fila en memoria de video
 65+  A19F 10 E6            djnz pintar_loop       ; Repetir para todas las filas
 66+  A1A1
 67+  A1A1 C1               pop bc
 68+  A1A2 D1               pop de
 69+  A1A3 E1               pop hl
 70+  A1A4 FD E1            pop iy
 71+  A1A6 F1               pop af
 72+  A1A7
 73+  A1A7 C9               ret
 74+  A1A8
# file closed: C:\UFV Segundo~Tercero\Arquitectura\Practicas\TETRIS_E (2)\TETRIS_E\piezas.asm
 27   A1A8                  INCLUDE "test_col.asm"
# file opened: C:\UFV Segundo~Tercero\Arquitectura\Practicas\TETRIS_E (2)\TETRIS_E\test_col.asm
  1+  A1A8              ;Programa para validar la colision
  2+  A1A8
  3+  A1A8              comprobar:
  4+  A1A8 DD E5            push ix
  5+  A1AA FD E5            push iy
  6+  A1AC E5               push hl
  7+  A1AD D5               push de
  8+  A1AE C5               push bc
  9+  A1AF
 10+  A1AF CD A0 9B         CALL CalcularAtributo
 11+  A1B2                  ; Configurar las filas y columnas del tetromino
 12+  A1B2 DD 46 00         ld b, (ix)           ; Filas en B
 13+  A1B5 DD 4E 01         ld c, (ix+1)         ; Columnas en C
 14+  A1B8 DD E5 FD E1      ld iy, ix
 15+  A1BC FD 23            inc iy
 16+  A1BE FD 23            inc iy               ; Ajustar IY a la dirección del patrón de bits del tetromino
 17+  A1C0
 18+  A1C0              validar_fila:
 19+  A1C0 FD 7E 00         ld a, (iy)
 20+  A1C3 FD 23            inc iy
 21+  A1C5 B7               or a
 22+  A1C6 28 04            jr z, siguiente_cuadro
 23+  A1C8
 24+  A1C8 7E               ld a, (hl)
 25+  A1C9 B7               or a
 26+  A1CA 20 14            jr nz, colision_detectada
 27+  A1CC
 28+  A1CC              siguiente_cuadro:
 29+  A1CC 23               inc hl
 30+  A1CD 0D               dec c
 31+  A1CE 20 F0            jr nz, validar_fila
 32+  A1D0
 33+  A1D0                  ; Avanzar a la siguiente fila del tetromino
 34+  A1D0 DD 4E 01         ld c, (ix+1)
 35+  A1D3 3E 20            ld a, 32
 36+  A1D5 91               sub c
 37+  A1D6 16 00            ld d, 0
 38+  A1D8 5F               ld e, a
 39+  A1D9 19               add hl, de
 40+  A1DA 10 E4            djnz validar_fila
 41+  A1DC
 42+  A1DC 3E 00            ld a, 0              ; No hay colisión
 43+  A1DE 18 02            jr fin_comprobacion
 44+  A1E0
 45+  A1E0              colision_detectada:
 46+  A1E0 3E 01            ld a, 1              ; Colisión detectada
 47+  A1E2
 48+  A1E2              fin_comprobacion:
 49+  A1E2 C1               pop bc
 50+  A1E3 D1               pop de
 51+  A1E4 E1               pop hl
 52+  A1E5 FD E1            pop iy
 53+  A1E7 DD E1            pop ix
 54+  A1E9
 55+  A1E9 C9               ret
# file closed: C:\UFV Segundo~Tercero\Arquitectura\Practicas\TETRIS_E (2)\TETRIS_E\test_col.asm
 28   A1EA                  INCLUDE "clear.asm"
# file opened: C:\UFV Segundo~Tercero\Arquitectura\Practicas\TETRIS_E (2)\TETRIS_E\clear.asm
  1+  A1EA              ; Programa para borrar un tetromino de la pantalla
  2+  A1EA
  3+  A1EA              borrar_tetromino:
  4+  A1EA F5               push af
  5+  A1EB FD E5            push iy
  6+  A1ED E5               push hl
  7+  A1EE D5               push de
  8+  A1EF C5               push bc
  9+  A1F0
 10+  A1F0 CD A0 9B         call CalcularAtributo
 11+  A1F3 DD 46 00         ld b, (ix)            ; Guardar filas en B
 12+  A1F6 DD 4E 01         ld c, (ix+1)          ; Guardar columnas en C
 13+  A1F9 DD E5 FD E1      ld iy, ix
 14+  A1FD FD 23            inc iy
 15+  A1FF FD 23            inc iy                ; Ajustar IY a la dirección del patrón de bits del tetromino
 16+  A201
 17+  A201              loop_filas:
 18+  A201 DD 4E 01         ld c, (ix+1)          ; Restaurar columnas en C para la nueva fila
 19+  A204              loop_columnas:
 20+  A204 FD 7E 00         ld a, (iy)            ; Cargar el byte del patrón del tetromino
 21+  A207 FD 23            inc iy
 22+  A209 B7               or a                  ; Verificar si el byte es cero
 23+  A20A 28 02            jr z, siguiente_columna ; Si es cero, saltar a la siguiente columna
 24+  A20C
 25+  A20C 36 00            ld (hl), 0            ; Borrar el byte en pantalla
 26+  A20E
 27+  A20E              siguiente_columna:
 28+  A20E 23               inc hl                ; Mover a la siguiente posición en memoria de video
 29+  A20F 0D               dec c                 ; Decrementar el contador de columnas
 30+  A210 20 F2            jr nz, loop_columnas  ; Repetir hasta que C sea cero
 31+  A212
 32+  A212 3E 20            ld a, 32
 33+  A214 DD 96 01         sub (ix+1)            ; Calcular el offset para la siguiente fila
 34+  A217 16 00            ld d, 0
 35+  A219 5F               ld e, a
 36+  A21A 19               add hl, de            ; Mover a la siguiente fila en memoria de video
 37+  A21B 10 E4            djnz loop_filas       ; Repetir para todas las filas
 38+  A21D
 39+  A21D C1               pop bc
 40+  A21E D1               pop de
 41+  A21F E1               pop hl
 42+  A220 FD E1            pop iy
 43+  A222 F1               pop af
 44+  A223
 45+  A223 C9               ret
 46+  A224
# file closed: C:\UFV Segundo~Tercero\Arquitectura\Practicas\TETRIS_E (2)\TETRIS_E\clear.asm
 29   A224                  INCLUDE "caida.asm"
# file opened: C:\UFV Segundo~Tercero\Arquitectura\Practicas\TETRIS_E (2)\TETRIS_E\caida.asm
  1+  A224              ; Programa que calcula la caida de la pieza
  2+  A224
  3+  A224
  4+  A224              ; Constantes para el cálculo del tiempo
  5+  A224              TIEMPO_BASE       EQU 0x11FF  ; Tiempo base de espera
  6+  A224              REDUCCION_TIEMPO  EQU 10      ; Reducción de tiempo por nivel
  7+  A224              TIEMPO_MINIMO     EQU 200     ; Tiempo mínimo de espera
  8+  A224
  9+  A224              ; Variables de tiempo
 10+  A224              TIEMPO_CAIDA      EQU 0x7000  ; Dirección de la variable del tiempo de caída
 11+  A224              NIVEL_ACTUAL      EQU 0x7002  ; Dirección de la variable del nivel actual
 12+  A224
 13+  A224              ; Función para calcular y esperar el tiempo de caída
 14+  A224              Tiempo:
 15+  A224                  ; Guardar registros que vamos a usar
 16+  A224 F5               PUSH AF
 17+  A225 C5               PUSH BC
 18+  A226 D5               PUSH DE
 19+  A227 E5               PUSH HL
 20+  A228
 21+  A228                  ; Calcular el tiempo de caída basado en el nivel actual
 22+  A228 3A 02 70         LD A, (NIVEL_ACTUAL)
 23+  A22B 21 FF 11         LD HL, TIEMPO_BASE
 24+  A22E 97               SUB A
 25+  A22F 06 00            LD B, 0
 26+  A231 4F               LD C, A
 27+  A232 11 0A 00         LD DE, REDUCCION_TIEMPO
 28+  A235 3E 00            LD A, 0
 29+  A237 ED 42            SBC HL, BC ; Calcular el tiempo de caída: TIEMPO_BASE - (NIVEL_ACTUAL * REDUCCION_TIEMPO)
 30+  A239 7C               LD A, H
 31+  A23A B7               OR A
 32+  A23B 20 06            JR NZ, SkipMinCheck
 33+  A23D BD               CP L
 34+  A23E 30 03            JR NC, SkipMinCheck
 35+  A240 21 C8 00         LD HL, TIEMPO_MINIMO
 36+  A243
 37+  A243              SkipMinCheck:
 38+  A243 22 00 70         LD (TIEMPO_CAIDA), HL ; Guardar el tiempo calculado
 39+  A246
 40+  A246                  ; Esperar el tiempo de caída
 41+  A246
 42+  A246              EsperarCaida:
 43+  A246 ED 5B 00 70      LD DE, (TIEMPO_CAIDA)
 44+  A24A
 45+  A24A              EsperarLoop:
 46+  A24A 1B               DEC DE
 47+  A24B 7A               LD A, D
 48+  A24C B7               OR A
 49+  A24D 20 FB            JR NZ, EsperarLoop
 50+  A24F 7B               LD A, E
 51+  A250 B7               OR A
 52+  A251 20 F7            JR NZ, EsperarLoop
 53+  A253
 54+  A253                  ; Restaurar registros usados
 55+  A253 E1               POP HL
 56+  A254 D1               POP DE
 57+  A255 C1               POP BC
 58+  A256 F1               POP AF
 59+  A257
 60+  A257 C9               RET
 61+  A258
 62+  A258              ; Función para inicializar el tiempo de caída
 63+  A258              InicializarTiempo:
 64+  A258 21 FF 11         LD HL, TIEMPO_BASE
 65+  A25B 22 00 70         LD (TIEMPO_CAIDA), HL
 66+  A25E C9               RET
 67+  A25F
# file closed: C:\UFV Segundo~Tercero\Arquitectura\Practicas\TETRIS_E (2)\TETRIS_E\caida.asm
 30   A25F                  INCLUDE "movimiento.asm"
# file opened: C:\UFV Segundo~Tercero\Arquitectura\Practicas\TETRIS_E (2)\TETRIS_E\movimiento.asm
  1+  A25F              MOVER:
  2+  A25F              ;----------------------------------------
  3+  A25F              ;Desplazar.asm es una funcion encargada de
  4+  A25F              ; guardar y modificar Medio, de desplazar
  5+  A25F              ;la pieza
  6+  A25F
  7+  A25F              ;Param. de Entrada: Teclado — Param. de Salida: Medio
  8+  A25F              ;----------------------------------------
  9+  A25F C5               PUSH BC
 10+  A260 01 FE BF         LD BC,$BFFE       ; Escanear línea  H,J,K,L,ENTER
 11+  A263 ED 78            IN A,(C)
 12+  A265 CB 5F            BIT 3,A
 13+  A267 28 13            JR Z, move_left    ; Han pulsado J -> Mover izquierda
 14+  A269 CB 57            BIT 2,A
 15+  A26B 28 04            JR Z, move_right  ; Han pulsado K -> Mover derecha
 16+  A26D CB 47            BIT 0,A
 17+  A26F 18 1E            JR no_tecla_move     ; No hay tecla pulsada
 18+  A271
 19+  A271              move_right:
 20+  A271 3A 6F A1         LD A, (Medio)
 21+  A274 3C               INC A
 22+  A275 32 6F A1         LD (Medio), A
 23+  A278 18 0D            JR SoltarTeclaMv
 24+  A27A C1               POP BC     ; Esperar que suelten la tecla
 25+  A27B C9               RET
 26+  A27C
 27+  A27C              move_left:
 28+  A27C 3A 6F A1         LD A, (Medio)
 29+  A27F 3D               DEC A
 30+  A280 32 6F A1         LD (Medio), A
 31+  A283 18 02            JR SoltarTeclaMv     ; Esperar que suelten la tecla
 32+  A285 C1               POP BC
 33+  A286 C9               RET
 34+  A287
 35+  A287
 36+  A287
 37+  A287              SoltarTeclaMv:           ; Rutina de espera hasta que se suelta la tecla
 38+  A287 ED 78            IN A,(C)            ; Leer del puerto que se ha definido en Lee_Tecla
 39+  A289 FE FF            CP $FF              ; Comprobar que no hay tecla pulsada
 40+  A28B 20 FA            JR NZ,SoltarTeclaMv  ; esperar hasta que no haya tecla pulsada
 41+  A28D C1               POP BC
 42+  A28E C9               RET
 43+  A28F
 44+  A28F              no_tecla_move:
 45+  A28F C1               POP BC
 46+  A290 C9               RET
# file closed: C:\UFV Segundo~Tercero\Arquitectura\Practicas\TETRIS_E (2)\TETRIS_E\movimiento.asm
 31   A291                  INCLUDE "giro.asm"
# file opened: C:\UFV Segundo~Tercero\Arquitectura\Practicas\TETRIS_E (2)\TETRIS_E\giro.asm
  1+  A291              GIRAR:
  2+  A291              ;--------------------------------------------------------------------
  3+  A291              ;Esta funcion es similar a la de desplazar.asm, pero para girar la
  4+  A291              ;pieza y transformarla en su girado
  5+  A291
  6+  A291              ;Param. de Entrada: IX, Teclado— Param. de Salida: IX
  7+  A291              ;--------------------------------------------------------------------
  8+  A291 C5               PUSH BC
  9+  A292 01 FE FB         LD BC,$FBFE         ; Escanear línea  T,R,E,W,Q
 10+  A295 ED 78            IN A,(C)
 11+  A297 CB 47            BIT 0,A
 12+  A299 28 06            JR Z, turn_left    ; Han pulsado Q -> Girar izquierda
 13+  A29B CB 4F            BIT 1,A
 14+  A29D 28 10            JR Z, turn_right    ; Han pulsado W -> Girar drcha
 15+  A29F 18 24            JR no_teclaturn
 16+  A2A1              turn_left:
 17+  A2A1 DD 56 09         LD D, (IX + 9)
 18+  A2A4 DD 5E 08         LD E, (IX + 8)
 19+  A2A7 DD 62 DD 6B      LD IX, DE ;Si se quiere girar la piezaa a la izq, se busca en el vector de la pieza las posiciones 8 y 9, que contienen la pieza a la que debería convertirse nuestro tetromino.
 20+  A2AB 18 10            JR Soltar_Tecla
 21+  A2AD C1               POP BC     ; Esperar q que suelten la tecla
 22+  A2AE C9               RET
 23+  A2AF
 24+  A2AF              turn_right:
 25+  A2AF DD 56 0B         LD D, (IX + 11)
 26+  A2B2 DD 5E 0A         LD E, (IX + 10)
 27+  A2B5 DD 62 DD 6B      LD IX, DE ;Si se quiere girar la piezaa a la izq, se busca en el vector de la pieza las posiciones 10 y 11, que contienen la pieza a la que debería convertirse nuestro tetromino.
 28+  A2B9 18 02            JR Soltar_Tecla     ; Esperar q que suelten la tecla
 29+  A2BB C1               POP BC
 30+  A2BC C9               RET
 31+  A2BD
 32+  A2BD
 33+  A2BD              Soltar_Tecla:           ; Rutina de espera hasta que se suelta la tecla
 34+  A2BD ED 78            IN A,(C)            ; Leer del puerto que se ha definido en Lee_Tecla
 35+  A2BF FE FF            CP $FF              ; Comprobar que no hay tecla pulsada
 36+  A2C1 20 FA            JR NZ,Soltar_Tecla  ; esperar hasta que no haya tecla pulsada
 37+  A2C3 C1               POP BC
 38+  A2C4 C9               RET
 39+  A2C5
 40+  A2C5              no_teclaturn:
 41+  A2C5 C1               POP BC
 42+  A2C6 C9               RET
# file closed: C:\UFV Segundo~Tercero\Arquitectura\Practicas\TETRIS_E (2)\TETRIS_E\giro.asm
# file closed: C:\UFV Segundo~Tercero\Arquitectura\Practicas\TETRIS_E (2)\TETRIS_E\main.asm
