# file opened: D:\TETRIS\TETRIS_E\pantallas.asm
 1    0000              ;Pinta las pantallas principales (Inicio, Final, etc)
 2    0000
 3    0000              Pantalla_Ini:
D:\TETRIS\TETRIS_E\pantallas.asm(4): error: Label not found: CLEARSCR
 4    0000 CD 00 00         call CLEARSCR       ;borramos pantalla
 5    0003
 6    0003 3E 06            ld a, 6     ;Letra amarilla
 7    0005 06 04            ld b, 4     ;Coordenadas para el mensaje de bienvenida
 8    0007 0E 06            ld c, 6
 9    0009 DD 21 AB 00      ld ix, MensajeJuego
D:\TETRIS\TETRIS_E\pantallas.asm(10): error: Label not found: PRINTAT
10    000D CD 00 00         call PRINTAT
11    0010
12    0010 3E 02            ld a, 2     ;Letra verde
13    0012 06 0D            ld b, 13    ;Coordenadas para el mensaje de inicio
14    0014 DD 21 88 00      ld ix, MensajeIniciar
D:\TETRIS\TETRIS_E\pantallas.asm(15): error: Label not found: PRINTAT
15    0018 CD 00 00         call PRINTAT
16    001B
17    001B 06 0D            ld b, 13
18    001D 0E 1E            ld c, 30                  ; Para colocar el cursor
19    001F CD 3B 00         call CalcularAtributo    ; Calcular la dirección del atributo
20    0022 3E 82            ld a,2+$80               ; Verde parpadeante
21    0024 77               ld (hl),a                ; Establecer el atributo
22    0025
23    0025 CD 53 00         call EsperarTecla        ; Leer el teclado hasta que se pulse S o N
24    0028 C9               ret
25    0029
26    0029              FinDelJuego:
D:\TETRIS\TETRIS_E\pantallas.asm(27): error: Label not found: CLEARSCR
27    0029 CD 00 00         call CLEARSCR
28    002C
29    002C 3E 85            ld a,5+$80               ; Letra cian
30    002E 06 0B            ld b,11                  ; Coordenadas para el mensaje final
31    0030 0E 08            ld c,8
32    0032 DD 21 76 00      ld ix,MensajeFinal
D:\TETRIS\TETRIS_E\pantallas.asm(33): error: Label not found: PRINTAT
33    0036 CD 00 00         call PRINTAT
34    0039
35    0039 18 FE        fin:    JR fin
36    003B
37    003B              CalcularAtributo:
38    003B                  ; Recibe en B,C las coordenadas de la pantalla (fila, columna)
39    003B                  ; y devuelve en HL la dirección del atributo correspondiente
40    003B F5               push af             ; Guardar A en el stack
41    003C
42    003C 78               ld a, b             ; Cargar B en A
43    003D E6 F8            and $F8             ; Aislar los bits 5, 4 y 3 de B (fila)
44    003F 07               rlca                ; Desplazar a la izquierda 1 vez
45    0040 07               rlca                ; Desplazar a la izquierda 1 vez más
46    0041 07               rlca                ; Desplazar a la izquierda 1 vez más (x8)
47    0042 67               ld h, a             ; Almacenar el resultado en H
48    0043
49    0043 78               ld a, b             ; Cargar B en A nuevamente
50    0044 E6 07            and $07             ; Aislar los bits 2, 1 y 0 de B (fila)
51    0046 07               rlca                ; Desplazar a la izquierda 1 vez
52    0047 07               rlca                ; Desplazar a la izquierda 1 vez más
53    0048 07               rlca                ; Desplazar a la izquierda 1 vez más (x8)
54    0049 6F               ld l, a             ; Almacenar el resultado parcial en L
55    004A
56    004A 79               ld a, c             ; Cargar C en A (columna)
57    004B 85               add l               ; Sumar el valor de la columna a L
58    004C 6F               ld l, a             ; Almacenar el resultado en L
59    004D
60    004D 01 00 58         ld bc, $5800        ; Sumar la dirección de comienzo de los atributos
61    0050 09               add hl, bc
62    0051
63    0051 F1               pop af              ; Recuperar A del stack
64    0052 C9               ret
65    0053
66    0053              EsperarTecla:
67    0053 CD 5B 00         call LeerTecla
68    0056 FE FF            cp $FF
69    0058 20 F9            jr nz,EsperarTecla  ; Esperar hasta que no haya tecla pulsada
70    005A C9               ret
71    005B
72    005B              LeerTecla:
73    005B 01 FE 7F         ld bc,$7FFE         ; Escanear línea B,N,M,SYMB,Space
74    005E ED 78            in a,(c)
75    0060 CB 5F            bit 3,a
76    0062 28 C5            jr z,FinDelJuego    ; Han pulsado N
77    0064 01 FE FD         ld bc,$FDFE         ; Escanear línea G,F,D,S,A
78    0067 ED 78            in a,(c)
79    0069 CB 4F            bit 1,a
80    006B 20 EE            jr nz,LeerTecla     ; No han pulsado 'S'
81    006D 18 00            jr SoltarTecla
82    006F
83    006F              SoltarTecla:
84    006F ED 78            in a,(c)            ; Leer del puerto que se ha definido en LeerTecla
85    0071 FE FF            cp $FF              ; Comprobar que no hay tecla pulsada
86    0073 20 FA            jr nz,SoltarTecla   ; Esperar hasta que no haya tecla pulsada
87    0075 C9               ret
88    0076
89    0076
90    0076
91    0076
92    0076
93    0076 47 72 61 63  MensajeFinal:    db "Gracias por jugar",0         ; Mensaje de agradecimiento
93    007A 69 61 73 20
93    007E 70 6F 72 20
93    0082 6A 75 67 61
93    0086 72 00
94    0088 C2 BF 45 6D  MensajeIniciar:  db "¿Empezar una nueva partida (S/N)?",0   ; Mensaje para iniciar partida
94    008C 70 65 7A 61
94    0090 72 20 75 6E
94    0094 61 20 6E 75
94    0098 65 76 61 20
94    009C 70 61 72 74
94    00A0 69 64 61 20
94    00A4 28 53 2F 4E
94    00A8 29 3F 00
95    00AB 54 69 70 6F  MensajeJuego: db "Tipo de Juego: Tipo-A",0   ; Mensaje del tipo de juego
95    00AF 20 64 65 20
95    00B3 4A 75 65 67
95    00B7 6F 3A 20 54
95    00BB 69 70 6F 2D
95    00BF 41 00
96    00C1 C2 BF 52 65  MensajeReiniciar: db "¿Reiniciar el juego (S/N)?",0   ; Mensaje para reiniciar partida
96    00C5 69 6E 69 63
96    00C9 69 61 72 20
96    00CD 65 6C 20 6A
96    00D1 75 65 67 6F
96    00D5 20 28 53 2F
96    00D9 4E 29 3F 00
97    00DD C2 A1 4A 75  MensajeGameOver:  db "¡Juego Terminado!",0        ; Mensaje de fin de juego
97    00E1 65 67 6F 20
97    00E5 54 65 72 6D
97    00E9 69 6E 61 64
97    00ED 6F 21 00
98    00F0
# file closed: D:\TETRIS\TETRIS_E\pantallas.asm
